{"u_token":"F6S2grrLZzUpEfcO3TuvL6Xc17NFgRyc","part_number":"GRM32ER72A225KA35L","manufacturer":"Murata Electronics","mode":"place-part","plugin":".snap","source":"https://www.snapeda.com"}